
Copyright (C) 1994-2019 Synopsys, Inc.
This Synopsys software and all associated documentation are proprietary to Synopsys, Inc.
and may only be used pursuant to the terms and conditions of a written license agreement
with Synopsys, Inc. All other use, reproduction, modification, or distribution of the
Synopsys software or the associated documentation is strictly prohibited.
Tool: Synplify Pro (R)
Build: P-2019.03M-SP1-1
Install: C:\Microsemi\Libero_SoC_v12.4\SynplifyPro
OS: Windows 6.2

Hostname: PHOENIX136DESKY

Implementation : synthesis

# Written on Tue Jun  9 01:41:46 2020

##### DESIGN INFO #######################################################

Top View:                "GMII_MAC_Filter_Sniffer"
Constraint File(s):      "E:\Github_Repos\GMII_MAC_Filter_Sniffer\GMII_MAC_Filter_Sniffer_libero\designer\GMII_MAC_Filter_Sniffer\synthesis.fdc"




##### SUMMARY ############################################################

Found 0 issues in 0 out of 0 constraints


##### DETAILS ############################################################



Clock Relationships
*******************

Starting                          Ending                            |     rise to rise     |     fall to fall     |     rise to fall     |     fall to rise                     
-------------------------------------------------------------------------------------------------------------------------------------------------------------------------------
GMII_MAC_Filter_Sniffer|PCLK      GMII_MAC_Filter_Sniffer|PCLK      |     10.000           |     No paths         |     No paths         |     No paths                         
GMII_MAC_Filter_Sniffer|PCLK      GMII_MAC_Filter_Sniffer|RXCLK     |     Diff grp         |     No paths         |     No paths         |     No paths                         
GMII_MAC_Filter_Sniffer|RXCLK     GMII_MAC_Filter_Sniffer|PCLK      |     Diff grp         |     No paths         |     No paths         |     No paths                         
GMII_MAC_Filter_Sniffer|RXCLK     GMII_MAC_Filter_Sniffer|RXCLK     |     10.000           |     No paths         |     No paths         |     No paths                         
===============================================================================================================================================================================
 Note: 'No paths' indicates there are no paths in the design for that pair of clock edges.
       'Diff grp' indicates that paths exist but the starting clock and ending clock are in different clock groups.


Unconstrained Start/End Points
******************************

p:Data_o[0]
p:Data_o[1]
p:Data_o[2]
p:Data_o[3]
p:Data_o[4]
p:Data_o[5]
p:Data_o[6]
p:Data_o[7]
p:Data_o[8]
p:Data_o[9]
p:Data_o[10]
p:Data_o[11]
p:Data_o[12]
p:Data_o[13]
p:Data_o[14]
p:Data_o[15]
p:Data_o_Valid
p:GMII_RXD[0]
p:GMII_RXD[1]
p:GMII_RXD[2]
p:GMII_RXD[3]
p:GMII_RXD[4]
p:GMII_RXD[5]
p:GMII_RXD[6]
p:GMII_RXD[7]
p:GMII_RX_DV
p:GMII_RX_ER_i
p:GMII_RX_ER_o
p:PADDR[0]
p:PADDR[1]
p:PADDR[2]
p:PADDR[3]
p:PADDR[4]
p:PADDR[5]
p:PADDR[6]
p:PADDR[7]
p:PENABLE
p:PRDATA[0]
p:PRDATA[1]
p:PRDATA[2]
p:PRDATA[3]
p:PRDATA[4]
p:PRDATA[5]
p:PRDATA[6]
p:PRDATA[7]
p:PRDATA[8]
p:PRDATA[9]
p:PRDATA[10]
p:PRDATA[11]
p:PRDATA[12]
p:PRDATA[13]
p:PRDATA[14]
p:PRDATA[15]
p:PRDATA[16]
p:PRDATA[17]
p:PRDATA[18]
p:PRDATA[19]
p:PRDATA[20]
p:PRDATA[21]
p:PRDATA[22]
p:PRDATA[23]
p:PRDATA[24]
p:PRDATA[25]
p:PRDATA[26]
p:PRDATA[27]
p:PRDATA[28]
p:PRDATA[29]
p:PRDATA[30]
p:PRDATA[31]
p:PREADY
p:PSEL
p:PSLVERR
p:PWDATA[0]
p:PWDATA[1]
p:PWDATA[2]
p:PWDATA[3]
p:PWDATA[4]
p:PWDATA[5]
p:PWDATA[6]
p:PWDATA[7]
p:PWDATA[8]
p:PWDATA[9]
p:PWDATA[10]
p:PWDATA[11]
p:PWDATA[12]
p:PWDATA[13]
p:PWDATA[14]
p:PWDATA[15]
p:PWDATA[16]
p:PWDATA[17]
p:PWDATA[18]
p:PWDATA[19]
p:PWDATA[20]
p:PWDATA[21]
p:PWDATA[22]
p:PWDATA[23]
p:PWDATA[24]
p:PWDATA[25]
p:PWDATA[26]
p:PWDATA[27]
p:PWDATA[28]
p:PWDATA[29]
p:PWDATA[30]
p:PWDATA[31]
p:PWRITE
p:RSTn


Inapplicable constraints
************************

(none)


Applicable constraints with issues
**********************************

(none)


Constraints with matching wildcard expressions
**********************************************

(none)


Library Report
**************


# End of Constraint Checker Report
